// Jest Snapshot v1, https://goo.gl/fbAQLP

exports[`CheckboxContainer  Renders Correctly 1`] = `
<DocumentFragment>
  <form
    action="#"
  >
    <div
      class="chakra-form-control css-oujskm"
      role="group"
    >
      <label
        class="chakra-form__label css-uo6b8f"
        for="test"
        id="field-1-label"
      >
        Test
      </label>
      <div
        class="chakra-stack css-ksg9j8"
      >
        <div>
          noop
        </div>
      </div>
    </div>
  </form>
</DocumentFragment>
`;
