// Jest Snapshot v1, https://goo.gl/fbAQLP

exports[`CheckboxSingleControl Renders Correctly 1`] = `
<DocumentFragment>
  <form
    action="#"
  >
    <div
      class="chakra-form-control css-1kxonj9"
      role="group"
    >
      <label
        class="chakra-checkbox css-dfdulk"
      >
        <input
          aria-invalid="false"
          class="chakra-checkbox__input"
          id="test"
          name="test"
          style="border: 0px; clip: rect(0px, 0px, 0px, 0px); height: 1px; width: 1px; margin: -1px; padding: 0px; overflow: hidden; white-space: nowrap; position: absolute;"
          type="checkbox"
          value="false"
        />
        <div
          aria-hidden="true"
          class="chakra-checkbox__control css-co2d90"
        />
        <div
          class="chakra-checkbox__label css-sklcna"
        >
          Test Label
        </div>
      </label>
    </div>
  </form>
</DocumentFragment>
`;
