// Jest Snapshot v1, https://goo.gl/fbAQLP

exports[`Input Renders Correctly 1`] = `
<DocumentFragment>
  <form
    action="#"
  >
    <div
      class="chakra-form-control css-1kxonj9"
      role="group"
    >
      <input
        class="chakra-input css-0"
        id="test"
        name="test"
        value="Input"
      />
    </div>
  </form>
</DocumentFragment>
`;
